[perf] [example_async] [start] cubed(x = 32)
[perf] [example_async] [start] squared(x = 32)
[perf] [example_async] [end] squared = 1024
[perf] [example_async] [start] squared(x = 1024)
[perf] [example_async] [end] squared = 1048576
[perf] [example_async] [end] cubed = 1048576
[perf] [example_async] [start] add(x = 32, y = 32)
[perf] [example_async] [end] add = 64
[perf] [example_async] [start] subtract(x = 32, y = 32)
[perf] [example_async] [end] subtract = 0
[perf] [example_async] [start] multiply(x = 32, y = 32)
[perf] [example_async] [end] multiply = 1024
